2026-06-15 09:48:43,639 [INFO] flats: Application sent:
2-Zimmer-Wohnung in Mitte
zip code: 10178
flat size: 31.4
rooms: 2.0
property attributes: bad mit dusche, aufzug, barrierearm, abstellraum
hash: 60ac338f7d1f173e78aadc61004f018df6e660fc16dc4521abe4b65f184746b9

2026-06-15 10:19:08,080 [INFO] flats: Application sent:
2-Zimmer-Wohnung in Mitte
zip code: 10178
flat size: 55.15
rooms: 2.0
property attributes: bad mit dusche, aufzug, einbauküche, offene küche, balkon
hash: 6028d49f2ae6965e7e9c87721c0a36ec1fd25e521651a6ac158786454de3404a

2026-06-16 06:48:13,103 [INFO] flats: Application sent:
3-Zimmer-Wohnung
zip code: 10117
flat size: 74.6
rooms: 3.0
property attributes: bad mit wanne, aufzug, barrierearm, balkon
hash: 64b0e7206ba6f1587f66ea42c455c12ee6cb2160b8cdcc3ecabc1da87b2306ae

2026-06-16 11:48:09,929 [INFO] flats: Application sent:
2-Zimmer-Wohnung in Mitte mit 2 Balkonen
zip code: 10178
flat size: 52.1
rooms: 2.0
property attributes: bad mit dusche, aufzug, offene küche, balkon, abstellraum
hash: 3d51d138faa99c3cdb141c318bcfdb5dbc964132f7726d0d8d0cd223c25e5999

2026-06-16 16:48:02,201 [INFO] flats: Application sent:
2-Zimmer-Wohnung in Friedrichshain
zip code: 10243
flat size: 56.31
rooms: 2.0
property attributes: bad mit wanne, aufzug, balkon, abstellraum
hash: 60eda358adfd684d0aba94881a49cd4b1012d9fbba1857302fcf9a5378444258

2026-06-18 12:57:04,458 [INFO] flats: Application sent:
2-Zimmer-Wohnung in Friedrichshain
zip code: 10243
flat size: 58.51
rooms: 2.0
property attributes: bad mit wanne, aufzug, balkon, abstellraum
hash: 089560eb2c3036ac5489a388fb635097ead7e65fee3d382e15bf8b96823b2a9e

2026-06-18 12:57:12,683 [INFO] flats: Application sent:
2-Zimmer-Wohnung in Friedrichshain
zip code: 10247
flat size: 51.86
rooms: 2.0
property attributes: bad mit dusche, bad mit fenster, balkon, abstellraum
hash: 0672fb401763adc42eb1202ab95bfb41d475db5b5638cc17f32502228667e026

2026-06-23 17:48:18,144 [INFO] flats: Application sent:
3-Zimmer-Wohnung in Friedrichshain
zip code: 10249
flat size: 53.91
rooms: 3.0
property attributes: bad mit wanne, aufzug
hash: ff73056d06f28889db467f16813800424f666a004d2f98846024f95c014a852c

2026-06-24 08:27:28,276 [INFO] flats: Application sent:
4-Zimmer-Wohnung mit WBS 160-220
zip code: 10179
flat size: 84.74
rooms: 4.0
property attributes: bad mit wanne, aufzug
hash: c59a64a666cab6fe58b6d85b5c3611ea3b9263c54611441bd510f45361816076

2026-06-24 08:27:39,742 [INFO] flats: Application sent:
4-Zimmer-Wohnung in Mitte mit WBS 160-220
zip code: 10179
flat size: 84.74
rooms: 4.0
property attributes: bad mit wanne, aufzug
hash: e9a8a98a9a33808c5e5593fca6f52ac438397358aaef08a8a34223074311c2db

2026-06-24 12:08:46,807 [INFO] flats: Application sent:
2-Zimmer-Wohnung in Friedrichshain an der Weberwiese
zip code: 10243
flat size: 58.67
rooms: 2.0
property attributes: bad mit wanne
hash: 7ab23d1470f8dc0b7364adf44368b30759870899f8caa36183e7cd5a49a2597d

2026-06-24 12:08:54,184 [INFO] flats: Application sent:
1-Zimmer-Wohnung in Friedrichshain Nähe Ostbahnhof
zip code: 10243
flat size: 33.63
rooms: 1.0
property attributes: bad mit wanne, bad mit fenster
hash: 8b7c0e2549814146f672fcae2a19f46c64e68e4fee3e02abeb685141a79bc201

2026-06-24 14:48:36,816 [INFO] flats: Application sent:
2-Zimmer-Wohnung in Friedrichshain in Nähe vom Ostbahnhof
zip code: 10243
flat size: 54.21
rooms: 2.0
property attributes: bad mit wanne, bad mit fenster
hash: f398320966ba96cf3a51b784bd9b76eacc536907ab26d62a16c68f6c234ad404

2026-06-24 15:17:47,175 [INFO] flats: Application sent:
3-Zimmer-Wohnung in Friedrichshain
zip code: 10249
flat size: 64.17
rooms: 3.0
property attributes: bad mit wanne, aufzug, offene küche, barrierearm, balkon
hash: 2b6b00bb72cbfe560f1cab9fb15b8e495c05723f0ce7ee760d8ebabcc504d562

2026-06-24 15:17:54,235 [INFO] flats: Application sent:
2-Zimmer-Wohnung in Friedrichshain
zip code: 10249
flat size: 48.23
rooms: 2.0
property attributes: bad mit dusche
hash: c11cefefefb0d5506db032d043ea4bb22564fa1bf8b9a42235e7e1aa4216ba16

2026-06-24 15:48:34,847 [INFO] flats: Application sent:
3-Zimmer-Wohnung in Mitte
zip code: 10119
flat size: 63.31
rooms: 3.0
property attributes: bad mit wanne, balkon, abstellraum
hash: 51e469db26da3df95516ab61e0a893a47bf8355c427b4848a2526c2549fc594e

2026-06-25 15:48:31,622 [INFO] flats: Application sent:
3-Zimmer-Wohnung in Mitte
zip code: 10179
flat size: 56.32
rooms: 3.0
property attributes: bad mit wanne, balkon
hash: da752494b0eca9de465ac35f922ab14eddf9e2ae8c0f36dd30b6b49b6f7aa98a

2026-06-25 15:48:41,705 [INFO] flats: Application sent:
3-Zimmer-Wohnung in Friedrichshain
zip code: 10249
flat size: 53.95
rooms: 3.0
property attributes: bad mit wanne, aufzug
hash: 37430705e275d52b56f9506c255c0024e306abd3ae859f4010540c332a3bb5cf

2026-06-26 20:48:05,734 [INFO] flats: Application sent:
4-Zimmer-Wohnung in Mitte
zip code: 10119
flat size: 77.39
rooms: 4.0
property attributes: balkon
hash: 90ba70bf1dfea98e6ad2623a894b24d33e1be68867cb717fcf7fc4e01cb8b84e

2026-06-29 08:48:06,089 [INFO] flats: Application sent:
2-Zimmer-Wohnung in Mitte
zip code: 10178
flat size: 59.9
rooms: 2.0
property attributes: bad mit wanne, aufzug, barrierearm, balkon
hash: c61614aae5bd8cd65381d08465c9c1a7bf3f4d9ef90157d09c43a3cec46ecc5e

2026-06-29 15:48:10,080 [INFO] flats: Application sent:
3-Zimmer-Wohnung in Friedrichshain
zip code: 10249
flat size: 53.56
rooms: 3.0
property attributes: bad mit wanne, aufzug
hash: 6c275f49436f961d59b9f97e2cdf8007a208720071d0dbe58b3df10da8bc2767

2026-06-30 14:48:08,243 [INFO] flats: Application sent:
2-Zimmer-Wohnung in Friedrichshain
zip code: 10245
flat size: 56.65
rooms: 2.0
property attributes: bad mit wanne, bad mit fenster, offene küche, abstellraum
hash: b521202a9e495de0d6aca44d95121dc22225522148ca3a963383c27ef42640e5

2026-06-30 15:29:55,253 [INFO] flats: Application sent:
Maisonette 1-Zimmer-Wohnung in Friedrichshain
zip code: 10249
flat size: 62.89
rooms: 1.0
property attributes: bad mit wanne, aufzug
hash: 93d592c9f7b28591aeb7be774ed453dd4188ea5f19216e98fa027e2d1d9811d2

2026-06-30 17:39:08,439 [INFO] flats: Application sent:
2-Zimmer-Wohnung in Friedrichshain
zip code: 10249
flat size: 47.42
rooms: 2.0
property attributes: bad mit dusche, aufzug, barrierearm
hash: 6687920a93855dae5cf92a58a225e79e040e1ece6dca6ad18debde889e71e6d5

2026-06-30 17:39:15,174 [INFO] flats: Application sent:
3-Zimmer-Wohnung in Friedrichshain
zip code: 10249
flat size: 74.4
rooms: 3.0
property attributes: bad mit wanne, aufzug, balkon, abstellraum
hash: 8bde0f9696c2be5962f20843e2a8f15103b071a639c1b7d5b20a3c11d772aef3

2026-07-02 10:48:49,591 [INFO] flats: Application sent:
2-Zimmer-Wohnung in Friedrichshain
zip code: 10247
flat size: 43.34
rooms: 2.0
property attributes: bad mit dusche, balkon
hash: b78ee7dab2532f2163dd94161daf08d48676c0687eac71b34318e24963cb6469

2026-07-03 09:27:22,780 [INFO] flats: Application sent:
2-Zimmer-Wohnung in Mitte
zip code: 10119
flat size: 49.05
rooms: 2.0
property attributes: bad mit wanne, offene küche
hash: 5215952337eee578826449ec68cee55a5ee69f2909cbe6ef3d00458744e845cd

2026-07-03 13:48:40,945 [INFO] flats: Application sent:
2-Zimmer-Wohnung in Mitte
zip code: 10119
flat size: 52.16
rooms: 2.0
property attributes: bad mit wanne, offene küche
hash: 0ccd2d413e1684d321179c7f0fae735c63d6f68584805aaa604bfa7714131464

2026-07-06 15:48:06,277 [INFO] flats: Application sent:
3-Zimmer-Wohnung in Friedrichshain
zip code: 10243
flat size: 72.94
rooms: 3.0
property attributes: bad mit wanne, bad mit fenster, aufzug
hash: 40ad7cc6369b417ed908d969fe96961534ad920067a71661b08c05296cb7b34f

2026-07-08 12:18:51,245 [INFO] flats: Application sent:
2-Zimmer-Wohnung in Mitte am Gendarmenmarkt
zip code: 10117
flat size: 56.52
rooms: 2.0
property attributes: bad mit wanne
hash: edd0cc2c4ceee437fd3d8200c07b687e23740e3a9e63da43fd7fef8b33d8cf11

2026-07-10 08:48:57,482 [INFO] flats: Application sent:
2-Zimmer-Wohnung in Friedrichshain
zip code: 10243
flat size: 56.28
rooms: 2.0
property attributes: bad mit dusche, aufzug, balkon
hash: f4a0f90974c44f262c6172a173fd8956e342c246f95b4b830bbb433b615d0952

2026-07-15 08:49:06,595 [INFO] flats: Application sent:
2-Zimmer-Wohnung in Friedrichshain
zip code: 10243
flat size: 48.02
rooms: 2.0
property attributes: bad mit wanne, bad mit fenster, balkon
hash: 168e565b95c7e8200d4f361edf5a86ce0d59f4c5539c2a3c608ddc846dc76351

2026-07-21 10:11:03,699 [INFO] flats: Application sent:
2-Zimmer-Wohnung in Friedrichshain
zip code: 10243
flat size: 52.37
rooms: 2.0
property attributes: bad mit wanne, bad mit fenster
hash: 8c4fedcf4ab7f360172045267d44ee5e4a88ec415514dd0f1bf4abf23adcfe95

2026-07-21 12:09:48,682 [INFO] flats: Application sent:
1-Zimmer-Wohnung in Friedrichshain
zip code: 10243
flat size: 34.88
rooms: 1.0
property attributes: bad mit wanne, bad mit fenster
hash: 5ee508380854a7b27cc8809ae68dcf648e88eb6415d73b874afdf62f7f6103ae

2026-07-21 14:28:00,479 [INFO] flats: Application sent:
3-Zimmer-Wohnung in Mitte
zip code: 10178
flat size: 78.19
rooms: 3.0
property attributes: bad mit wanne, aufzug, barrierearm, balkon
hash: 3f13e5ec5afc45b2b921bde633c9632f79f87e4c5ae1073f24f78c5ea07cbeb2

2026-07-21 18:47:37,649 [INFO] flats: Application sent:
2-Zimmer-Wohnung in Friedrichshain
zip code: 10243
flat size: 53.91
rooms: 2.0
property attributes: bad mit wanne, bad mit fenster
hash: 9dbf00f9d6698c5d0ee2e69f33dfe2db95c06b31c19a8412af1aa868f5dc722a

2026-07-22 15:48:02,746 [INFO] flats: Application sent:
3-Zimmer-Wohnung in Friedrichshain
zip code: 10249
flat size: 54.25
rooms: 3.0
property attributes: bad mit wanne, aufzug, rolladen
hash: d3978203071c286664fb2f32b2b1f93189dbc8ec064f4bc3d8c6fa8df78d2e9b

2026-07-23 15:48:15,386 [INFO] flats: Application sent:
3-Zimmer-Wohnung in Mitte
zip code: 10178
flat size: 78.34
rooms: 3.0
property attributes: bad mit wanne, aufzug, barrierearm, balkon
hash: 206bce77fb3ad4e85dd19db901d4b16a11ac2eb3146b20e8b5d44c0cfb481d0d

2026-07-23 15:48:23,076 [INFO] flats: Application sent:
1-Zimmer-Wohnung in Friedrichshain
zip code: 10249
flat size: 44.95
rooms: 1.0
property attributes: bad mit wanne, bad mit fenster, abstellraum
hash: 5a6748bf1920a997a97d13f6dbe65a455df8acbcb5e5105d9903988f21b2ea2d

2026-07-23 16:47:40,210 [INFO] flats: Application sent:
3-Zimmer-Wohnung in Friedrichshain
zip code: 10249
flat size: 60.99
rooms: 3.0
property attributes: bad mit wanne, aufzug, rolladen
hash: 46394687d126172b5a4fe7839d9096413f2012548208ee2abd4f824f1b9c9619

2026-07-27 09:49:48,524 [INFO] flats: Application sent:
1-Zimmer-Wohnung in Charlottenburg
zip code: 10587
flat size: 38.29
rooms: 1.0
property attributes: bad mit dusche, balkon
hash: 67c1aa28e106860ea7ea8ddf16cc25cceb3cdab73bc3a4affe5e8786253d1393

2026-07-27 09:49:57,124 [INFO] flats: Application sent:
2-Zimmer-Wohnung in Charlottenburg
zip code: 10587
flat size: 49.22
rooms: 2.0
property attributes: bad mit wanne, aufzug, balkon
hash: e8907ed91d77858ca555e101f76c685b57793c8275d3df5d10bf39253b5e43d0

2026-07-27 09:50:06,087 [INFO] flats: Application sent:
3-Zimmer-Wohnung in Charlottenburg
zip code: 10587
flat size: 66.26
rooms: 3.0
property attributes: bad mit wanne, aufzug, balkon
hash: 0b0231e8b22291c0aeb34e9e85a93b6458d413b6ba87089590be3eb1f3d27b93

2026-07-27 10:47:35,426 [INFO] flats: Application sent:
4-Zimmer-Wohnung mit WBS 160-220
zip code: 10179
flat size: 68.59
rooms: 4.0
property attributes: bad mit wanne, aufzug
hash: fb17af6c51360094c70f70d669f42a27151d01a68804d8931e1d44464d0c37a7

2026-07-27 11:26:26,124 [INFO] flats: Application sent:
1-Zimmer-Wohnung in Mitte
zip code: 10179
flat size: 37.62
rooms: 1.0
property attributes: bad mit wanne, aufzug, offene küche, balkon
hash: eea7fad4a51c216ea2b1db67223adca056fa91bd6ade41f9ace8ba79f59b9757

2026-07-27 12:07:48,369 [INFO] flats: Application sent:
2-Zimmer-Wohnung mit WBS 100/140
zip code: 10117
flat size: 47.74
rooms: 2.0
property attributes: bad mit wanne, aufzug, offene küche, barrierearm, balkon
hash: c08db22e6b4b68a6f222a22182cdd2138f8c9a9fe12e38e3112d82eea0e7927b

2026-07-27 12:13:06,619 [INFO] flats: Application sent:
2-Zimmer-Wohnung mit WBS 100/140
zip code: 10117
flat size: 47.74
rooms: 2.0
property attributes: bad mit wanne, aufzug, offene küche, barrierearm, balkon
hash: 9897c3a6e4f7cfa0916d2b1fc752e999d93d14c28add3fcd52eadd8f363e364f

2026-07-27 12:38:42,686 [INFO] flats: Application sent:
Blick auf den Fernsehturm 3-Zimmer-Wohnung in Mitte
zip code: 10178
flat size: 65.24
rooms: 3.0
property attributes: bad mit wanne, aufzug, barrierearm, balkon
hash: 89494b45f3b775440b123da785d7f9be7f455899e354b907d0c9b00fca0f05c9

2026-07-28 13:51:04,801 [INFO] flats: Application sent:
Mit WBS160-220! 3-Zimmer-Wohnung in Friedrichshain
zip code: 10243
flat size: 71.9
rooms: 3.0
property attributes: bad mit wanne, aufzug
hash: 946f168188d23e548719f5e65c2e881bb884e626e9db0ac78f6609e24638fca4

2026-07-28 15:49:57,235 [INFO] flats: Application sent:
3-Zimmer-Wohnung in Friedrichshain
zip code: 10243
flat size: 71.74
rooms: 3.0
property attributes: bad mit dusche, aufzug
hash: d09e40afe3ddfc2b1880fab813c365ca571b226d94a5163612272dbdcd98e018

2026-07-28 18:47:39,358 [INFO] flats: Application sent:
2-Zimmer-Wohnung in Mitte
zip code: 10178
flat size: 59.9
rooms: 2.0
property attributes: bad mit wanne, aufzug, barrierearm, balkon
hash: 800f2eb770d64395e73634c2e648edf4ec616726aed2378a6c1903591b844514

2026-07-28 18:47:49,582 [INFO] flats: Application sent:
2-Zimmer-Wohnung in Mitte
zip code: 10178
flat size: 60.36
rooms: 2.0
property attributes: bad mit wanne, aufzug, barrierearm
hash: 73bc6430ab3a1f7e21397b4caabed4d3f9a79b1883020d7989b6b73c27e750e1

2026-07-29 08:47:42,566 [INFO] flats: Application sent:
3-Zimmer-Wohnung in Friedrichshain
zip code: 10245
flat size: 59.8
rooms: 3.0
property attributes: bad mit wanne, rolladen, balkon
hash: b95a401c72cb219fd86ea518e2b148ae0842fcb5c6ff17deb9239b62a9774501

2026-07-31 07:47:32,362 [INFO] flats: Application sent:
2-Zimmer-Wohnung in Mitte
zip code: 10178
flat size: 53.96
rooms: 2.0
property attributes: bad mit wanne, aufzug
hash: 971f1fd2dd56b07d219e9a66251cbd0f5d0c8b101b53e87ad43211d59b132141

2026-08-07 13:50:02,673 [INFO] flats: Application sent:
3-Zimmer-Wohnung in Mitte
zip code: 10178
flat size: 65.24
rooms: 3.0
property attributes: bad mit dusche, aufzug, barrierearm, balkon
hash: 6e112711c54dda913441250d5a0f5980b61b6532536c6ea79c5e0a2efe5421cd

2026-08-07 13:50:30,278 [INFO] flats: Application sent:
3-Zimmer-Wohnung in Mitte
zip code: 10178
flat size: 65.24
rooms: 3.0
property attributes: bad mit wanne, aufzug, barrierearm, balkon
hash: 5af20eeb37455c773cd844735601a6733377717282d1c654bb552ee7beb35b34

2026-08-07 14:40:05,625 [INFO] flats: Application sent:
3-Zimmer-Wohnung in Friedrichshain
zip code: 10243
flat size: 69.23
rooms: 3.0
property attributes: bad mit wanne, aufzug, balkon
hash: 97d54a32d60193a65e4ca7ea87888266be9fbc68449d859ad7d6c09f86c6c0e0

2026-08-07 14:41:00,120 [INFO] flats: Application sent:
2-Zimmer-Wohnung in Friedrichshain
zip code: 10243
flat size: 59.53
rooms: 2.0
property attributes: bad mit wanne, aufzug
hash: 8126cc82b03978ddfccc7de578e99ba17c60d90fcba1e12914c75f47f2b07045

2026-08-10 07:49:10,676 [INFO] flats: Application sent:
3-Zimmer-Wohnung in Friedrichshain
zip code: 10243
flat size: 62.14
rooms: 3.0
property attributes: bad mit wanne, bad mit fenster, balkon
hash: e0d0b0fc95ffb5b0f4f4c5efd6f5bab8220f8e268aa4f73aee511e1ade3a2b2b

2026-08-12 06:49:33,233 [INFO] flats: Application sent:
3-Zimmer-Wohnung in Wedding
zip code: 13351
flat size: 53.18
rooms: 3.0
property attributes: bad mit wanne, balkon
hash: 50a4cc3fa88c165a2fbb88e6f1dbd64e0efaccc06f53c453cfb09488b9baf5c7

2026-08-12 06:49:42,755 [INFO] flats: Application sent:
3-Zimmer-Wohnung in Wedding
zip code: 13351
flat size: 53.72
rooms: 3.0
property attributes: bad mit wanne, bad mit fenster, balkon
hash: 4212e2e4a8f06879c6f6de034b4766cbad4fa5384b73a36f08f26d86bfd4094f

2026-08-12 07:39:13,970 [INFO] flats: Application sent:
3-Zimmer-Wohnung in Mitte
zip code: 10179
flat size: 62.52
rooms: 3.0
property attributes: bad mit wanne, aufzug, barrierearm, balkon
hash: fba730af04710d278a0b303a768969f2310fd7c0480ccbf337f70cfff4134354

2026-08-12 07:39:25,824 [INFO] flats: Application sent:
2-Zimmer-Wohnung in Wedding
zip code: 13351
flat size: 45.87
rooms: 2.0
property attributes: bad mit wanne, balkon
hash: f927337e32ed2d1822e683f1f396a89c7330dce3bb754313140b57ceca2d78f8

2026-08-12 08:48:44,824 [INFO] flats: Application sent:
3-Zimmer-Wohnung in Wedding
zip code: 13351
flat size: 60.88
rooms: 3.0
property attributes: bad mit wanne, rolladen
hash: 76f4dbc9824ab2abdd6047fd7f602c971c328118ad79c88f4cbc00bb5a7306a7

2026-08-12 09:19:02,376 [INFO] flats: Application sent:
3-Zimmer-Wohnung in Mitte
zip code: 10179
flat size: 54.25
rooms: 3.0
property attributes: bad mit wanne, aufzug
hash: ceaec7ad5c71120d550371a446721e6b616eef01ee22f6304772b4ded61620cc

2026-08-13 15:49:00,245 [INFO] flats: Application sent:
4-Zimmer-Wohnung in Friedrichshain
zip code: 10249
flat size: 65.09
rooms: 4.0
property attributes: bad mit wanne, aufzug
hash: c38f35e899b40e1eb247dbf6ee7db88fe5a490ba802a0ea260891cdfe9c2380a

2026-08-13 15:49:14,861 [INFO] flats: Application sent:
3-Zimmer-Wohnung in Friedrichshain
zip code: 10249
flat size: 54.11
rooms: 3.0
property attributes: bad mit wanne, aufzug
hash: 827b5cb945eacd9d1bc5a71f79e11a49dfb3d3f888629bb413db85b3e0ec9a20

2026-08-13 17:47:24,950 [INFO] flats: Application sent:
2-Zimmer-Wohnung in Friedrichshain
zip code: 10247
flat size: 48.07
rooms: 2.0
property attributes: bad mit wanne, bad mit fenster, rolladen
hash: d931888a69e59c2ea714b0792c6e798d1ebf6151fd5c1cf3c1ec114dd164d746

2026-08-14 09:48:48,009 [INFO] flats: Application sent:
3-Zimmer-Wohnung in Kreuzberg
zip code: 10969
flat size: 63.84
rooms: 3.0
property attributes: bad mit wanne, bad mit fenster, aufzug, balkon
hash: 89868df0848d1bf5cc78c7a205c6a4a922afa4157466b986277e975665b936bd

2026-08-14 13:48:42,164 [INFO] flats: Application sent:
3-Zimmer-Wohnung in Friedrichshain
zip code: 10243
flat size: 66.07
rooms: 3.0
property attributes: bad mit wanne, aufzug, balkon
hash: 3ae6587ab0df0e9e087494caa5c1679bb15b96161b1caf91a4083d100669e945

2026-08-14 14:28:54,771 [INFO] flats: Application sent:
MIT WBS160-220! 3-Zimmer-Wohnung in Friedrichshain
zip code: 10243
flat size: 75.66
rooms: 3.0
property attributes: bad mit dusche, aufzug, balkon
hash: fe85edd6e798a0f9b4b3a8f5ee0bb66be9305fd6590f138966ed594cdc4ea8a5

2026-08-17 06:17:44,619 [INFO] flats: Application sent:
3-Zimmer-Wohnung in Friedrichshain
zip code: 10249
flat size: 53.36
rooms: 3.0
property attributes: bad mit wanne, aufzug
hash: 345b949190787c73e738213755c66cec15f0fbeeec9c4b8ef91d7a3f0719549c

2026-08-18 12:47:41,631 [INFO] flats: Application sent:
2-Zimmer-Wohnung in Friedrichshain
zip code: 10243
flat size: 49.66
rooms: 2.0
property attributes: bad mit wanne, bad mit fenster, balkon
hash: cd40092881f2deea6782aa64087b57344d4ea7d7f88be5830400c511127654f2

2026-08-19 08:47:59,610 [INFO] flats: Application sent:
2-Zimmer-Wohnung in Kreuzberg
zip code: 10969
flat size: 52.25
rooms: 2.0
property attributes: bad mit wanne, aufzug, balkon
hash: 6402e7eef9ecfb80ea1a23ec625e8f820165dba387c95c3f1ddb6ccb96d48845

2026-08-19 08:48:10,188 [INFO] flats: Application sent:
3-Zimmer-Wohnung in Kreuzberg
zip code: 10969
flat size: 68.6
rooms: 3.0
property attributes: bad mit wanne, bad mit fenster, balkon
hash: 292e1ed4a912fc80e7ce835f74af8f1d2cf71b05cdfec0c2fe1c8e6e3d238665

2026-08-19 15:50:10,295 [INFO] flats: Application sent:
2-Zimmer-Wohnung in Friedrichshain
zip code: 10249
flat size: 43.15
rooms: 2.0
property attributes: bad mit wanne, aufzug, barrierearm, balkon
hash: d050ddc2f40d171ab30ed79a9d4122a1cf8881d39cfaf02170c2dee8e97af02c

2026-08-19 15:50:35,397 [INFO] flats: Application sent:
2-Zimmer-Wohnung in Friedrichshain
zip code: 10249
flat size: 56.88
rooms: 2.0
property attributes: bad mit wanne, aufzug, barrierearm, balkon
hash: 58f0ac3c7461af5394f5212a7e7e00122dbf10c1730ce61cc19ba917b81d3832

2026-08-19 15:50:55,328 [INFO] flats: Application sent:
1-Zimmer-Wohnung in Friedrichshain
zip code: 10249
flat size: 37.75
rooms: 1.0
property attributes: bad mit dusche, balkon
hash: b00bebe38fa541eaa01fef7aacf9142d9858ae57c2e008ab28ba908d059283b0

2026-08-19 15:51:25,244 [INFO] flats: Application sent:
1-Zimmer-Wohnung in Friedrichshain
zip code: 10249
flat size: 38.44
rooms: 1.0
property attributes: bad mit dusche, bad mit fenster, balkon
hash: c3df867802f0a535577082ff5e0bc0cf3419d5dc4a6d0ec1280ba4e57ce911a2

2026-08-19 17:10:01,305 [INFO] flats: Application sent:
2-Zimmer-Wohnung in Friedrichshain
zip code: 10249
flat size: 54.0
rooms: 2.0
property attributes: bad mit wanne, bad mit fenster, aufzug, balkon
hash: 724cccbb1715b3643e238348221807fdebb0d34181f770a7b6cbdfb2115c6d72

2026-08-20 12:47:56,552 [INFO] flats: Application sent:
2-Zimmer-Wohnung in Mitte
zip code: 10179
flat size: 63.45
rooms: 2.0
property attributes: bad mit wanne, balkon
hash: 6510fcc60e0b1e7b920c203ec83c1b6e18abc59a1158af2e8298bc108a7221b0

2026-08-20 15:49:20,158 [INFO] flats: Application sent:
2-Zimmer-Wohnung in Kreuzberg
zip code: 10999
flat size: 57.5
rooms: 2.0
property attributes: bad mit wanne, bad mit fenster
hash: 8d914eb78e199ddb0bd2ed34c6af68de70ac8b30e4d1c74bddd9672645b8f120

2026-08-20 16:30:39,065 [INFO] flats: Application sent:
3-Zimmer-Wohnung in Friedrichshain
zip code: 10249
flat size: 56.33
rooms: 3.0
property attributes: bad mit wanne, bad mit fenster
hash: 0c422ffd4dd500a9c81e8ec1662b645f4d05f51037528b82ea02f9a7a95afffb

2026-08-20 16:31:55,839 [INFO] flats: Application sent:
4-Zimmer-Wohnung in Friedrichshain
zip code: 10243
flat size: 79.97
rooms: 4.0
property attributes: bad mit wanne, aufzug, balkon, abstellraum
hash: a8598c1fcc1cb6b382a36479c7d11dbd68e203d6d896b726be5241d7a9ab973e

2026-08-20 16:32:59,426 [INFO] flats: Application sent:
2-Zimmer-Wohnung in Friedrichshain
zip code: 10243
flat size: 59.24
rooms: 2.0
property attributes: bad mit wanne, abstellraum
hash: 8b5e8d9b1fcd7784fd9f78224b142038d4cbd0d6261b51db62e94dcffd430d20

2026-08-20 16:34:10,430 [INFO] flats: Application sent:
2-Zimmer-Wohnung in Friedrichshain
zip code: 10243
flat size: 54.4
rooms: 2.0
property attributes: bad mit dusche, rolladen, abstellraum
hash: 9efc8ecf46f5ed64ecc79efa82e975bd858b5232cad7e6115fca620f84a19eda

2026-08-20 16:49:06,356 [INFO] flats: Application sent:
1-Zimmer-Wohnung in Friedrichshain
zip code: 10249
flat size: 37.47
rooms: 1.0
property attributes: bad mit dusche, bad mit fenster, balkon
hash: aeb8208378a0dea22996b35679a26d7505144b15b11916a69d3d59bb78d2bd4b

2026-08-21 15:47:33,333 [INFO] flats: Application sent:
2-Zimmer-Wohnung in Friedrichshain
zip code: 10243
flat size: 56.87
rooms: 2.0
property attributes: bad mit wanne, balkon, abstellraum
hash: eaf43296b077c012a1532a6a2ae59510e3a8c7b81ce6cfe1a3d4e4e7cc253ad6

2026-08-26 07:47:30,174 [INFO] flats: Application sent:
3-Zimmer-Wohnung in Mitte
zip code: 10178
flat size: 76.4
rooms: 3.0
property attributes: bad mit wanne, aufzug, balkon
hash: f2fed7dd4558b929c2f49a0466227b506d387a5c8d8fb84427a58584380129d1

2026-08-26 07:49:29,463 [INFO] flats: Application sent:
2-Zimmer-Wohnung in Mitte mit WBS 160/140/100
zip code: 10179
flat size: 56.9
rooms: 2.0
property attributes: bad mit dusche, bad mit fenster, aufzug, neubau, balkon
hash: 439dee3fae962131e2603944e726316034d3274aed2a8eae84415609284c622b

2026-08-27 12:49:30,392 [INFO] flats: Application sent:
2-Zimmer-Wohnung in Mitte
zip code: 10179
flat size: 34.81
rooms: 2.0
property attributes: bad mit dusche
hash: ad03370138d3fdeb358224e5d7884dc402a3ef4df1efceee69dfa6d32b480946

2026-08-28 05:39:31,194 [INFO] flats: Application sent:
3-Zimmer-Wohnung in Tiergarten
zip code: 10557
flat size: 84.04
rooms: 3.0
property attributes: bad mit wanne, balkon
hash: 9a5f30624951efbb5a098561bf3dd287b65a943ce9d1ac129a8802f3320f7f41

2026-08-28 13:54:05,162 [INFO] flats: Application sent:
2-Zimmer-Wohnung in Friedrichshain
zip code: 10245
flat size: 53.48
rooms: 2.0
property attributes: bad mit wanne, bad mit fenster, balkon, abstellraum
hash: befdd23c3023393e7706e0aa613a0a303151803905acd375687ed9d5d77bfef0

2026-08-28 13:55:40,585 [INFO] flats: Application sent:
2-Zimmer-Wohnung in Friedrichshain
zip code: 10247
flat size: 73.72
rooms: 2.0
property attributes: bad mit wanne, balkon, abstellraum
hash: 2e0036499cd46702c15aa92f1d72968cbb813d0c042eeeee15441838637df77a

2026-08-28 13:58:01,996 [INFO] flats: Application sent:
2-Zimmer-Wohnung in Friedrichshain
zip code: 10247
flat size: 63.34
rooms: 2.0
property attributes: bad mit wanne, bad mit fenster, balkon, abstellraum
hash: 3eea537375bd8a03333fba77cfb22f430afe2dc3b6b97e84106fd45723f49610

2026-08-28 13:59:35,734 [INFO] flats: Application sent:
2-Zimmer-Wohnung in Friedrichshain
zip code: 10245
flat size: 54.45
rooms: 2.0
property attributes: bad mit dusche, balkon, abstellraum
hash: 2152daacfc65eed39c0edd0d4226cd5ce637c163db9f1ee7b9e917e96d95531a

